[0m17:14:56.461492 [debug] [MainThread]: Sending event: {'category': 'dbt', 'action': 'invocation', 'label': 'start', 'context': [<snowplow_tracker.self_describing_json.SelfDescribingJson object at 0x000001E888086900>, <snowplow_tracker.self_describing_json.SelfDescribingJson object at 0x000001E88A867D90>, <snowplow_tracker.self_describing_json.SelfDescribingJson object at 0x000001E88A867890>]}


============================== 17:14:56.465372 | ea8da3f6-97fb-4654-817b-a4e0e61f1a43 ==============================
[0m17:14:56.465372 [info ] [MainThread]: Running with dbt=1.12.3
[0m17:14:56.465928 [debug] [MainThread]: running dbt with arguments {'maximum_seed_size_mib': '1', 'no_print': 'None', 'version_check': 'True', 'target_path': 'None', 'warn_error_options': 'WarnErrorOptionsV2(error=[], warn=[], silence=[])', 'static_parser': 'True', 'printer_width': '80', 'write_json': 'True', 'introspect': 'True', 'log_cache_events': 'False', 'empty': 'None', 'cache_selected_only': 'False', 'log_format': 'default', 'debug': 'False', 'fail_fast': 'False', 'partial_parse': 'True', 'send_anonymous_usage_stats': 'True', 'quiet': 'False', 'warn_error': 'None', 'profiles_dir': 'C:\\Users\\prana\\.dbt', 'invocation_command': 'dbt init', 'hints_enabled': 'True', 'indirect_selection': 'eager', 'use_experimental_parser': 'False', 'use_colors': 'True', 'log_path': 'logs'}
[0m17:15:39.508730 [debug] [MainThread]: Starter project path: C:\Users\prana\OneDrive\Desktop\DA & DE\Projects\AWS_DBT_snowflake\.venv\Lib\site-packages\dbt\include\starter_project
[0m17:15:39.540292 [info ] [MainThread]: Setting up your profile.
[0m17:15:42.728511 [debug] [MainThread]: Snowflake adapter: Setting snowflake.connector to ERROR (file logging only)
[0m17:15:42.728913 [debug] [MainThread]: Snowflake adapter: Setting botocore to ERROR (file logging only)
[0m17:15:42.729173 [debug] [MainThread]: Snowflake adapter: Setting boto3 to ERROR (file logging only)
[0m17:19:51.218049 [info ] [MainThread]: Profile airbnb_etl written to C:\Users\prana\.dbt\profiles.yml using target's profile_template.yml and your supplied values.
[0m17:19:51.225400 [info ] [MainThread]: Running dbt debug to validate the project...
[0m17:19:51.226097 [info ] [MainThread]: dbt version: 1.12.3
[0m17:19:51.226438 [info ] [MainThread]: python version: 3.13.1
[0m17:19:51.226747 [info ] [MainThread]: python path: C:\Users\prana\OneDrive\Desktop\DA & DE\Projects\AWS_DBT_snowflake\.venv\Scripts\python.exe
[0m17:19:51.227079 [info ] [MainThread]: os info: Windows-11-10.0.26200-SP0
[0m17:19:51.300431 [info ] [MainThread]: Using profiles dir at C:\Users\prana\.dbt
[0m17:19:51.301057 [info ] [MainThread]: Using profiles.yml file at C:\Users\prana\.dbt\profiles.yml
[0m17:19:51.301460 [info ] [MainThread]: Using dbt_project.yml file at C:\Users\prana\OneDrive\Desktop\DA & DE\Projects\AWS_DBT_snowflake\airbnb_etl\dbt_project.yml
[0m17:19:51.302760 [info ] [MainThread]: adapter type: snowflake
[0m17:19:51.303160 [info ] [MainThread]: adapter version: 1.12.0
[0m17:19:51.400431 [info ] [MainThread]: Configuration:
[0m17:19:51.401049 [info ] [MainThread]:   profiles.yml file [[32mOK found and valid[0m]
[0m17:19:51.401556 [info ] [MainThread]:   dbt_project.yml file [[32mOK found and valid[0m]
[0m17:19:51.401967 [info ] [MainThread]: Required dependencies:
[0m17:19:51.402383 [debug] [MainThread]: Executing "git --help"
[0m17:19:51.443871 [debug] [MainThread]: STDOUT: "b"usage: git [-v | --version] [-h | --help] [-C <path>] [-c <name>=<value>]\n           [--exec-path[=<path>]] [--html-path] [--man-path] [--info-path]\n           [-p | --paginate | -P | --no-pager] [--no-replace-objects] [--no-lazy-fetch]\n           [--no-optional-locks] [--no-advice] [--bare] [--git-dir=<path>]\n           [--work-tree=<path>] [--namespace=<name>] [--config-env=<name>=<envvar>]\n           <command> [<args>]\n\nThese are common Git commands used in various situations:\n\nstart a working area (see also: git help tutorial)\n   clone      Clone a repository into a new directory\n   init       Create an empty Git repository or reinitialize an existing one\n\nwork on the current change (see also: git help everyday)\n   add        Add file contents to the index\n   mv         Move or rename a file, a directory, or a symlink\n   restore    Restore working tree files\n   rm         Remove files from the working tree and from the index\n\nexamine the history and state (see also: git help revisions)\n   bisect     Use binary search to find the commit that introduced a bug\n   diff       Show changes between commits, commit and working tree, etc\n   grep       Print lines matching a pattern\n   log        Show commit logs\n   show       Show various types of objects\n   status     Show the working tree status\n\ngrow, mark and tweak your common history\n   backfill   Download missing objects in a partial clone\n   branch     List, create, or delete branches\n   commit     Record changes to the repository\n   history    EXPERIMENTAL: Rewrite history\n   merge      Join two or more development histories together\n   rebase     Reapply commits on top of another base tip\n   reset      Set `HEAD` or the index to a known state\n   switch     Switch branches\n   tag        Create, list, delete or verify tags\n\ncollaborate (see also: git help workflows)\n   fetch      Download objects and refs from another repository\n   pull       Fetch from and integrate with another repository or a local branch\n   push       Update remote refs along with associated objects\n\n'git help -a' and 'git help -g' list available subcommands and some\nconcept guides. See 'git help <command>' or 'git help <concept>'\nto read about a specific subcommand or concept.\nSee 'git help git' for an overview of the system.\n""
[0m17:19:51.444401 [debug] [MainThread]: STDERR: "b''"
[0m17:19:51.444801 [info ] [MainThread]:  - git [[32mOK found[0m]

[0m17:19:51.445167 [info ] [MainThread]: Connection:
[0m17:19:51.445534 [info ] [MainThread]:   account: IANOQTV-BC44617
[0m17:19:51.445894 [info ] [MainThread]:   user: PRANAVNITJSR232
[0m17:19:51.446194 [info ] [MainThread]:   database: AIRBNB
[0m17:19:51.446530 [info ] [MainThread]:   warehouse: COMPUTE_WH
[0m17:19:51.446900 [info ] [MainThread]:   role: ACCOUNTADMIN
[0m17:19:51.447239 [info ] [MainThread]:   schema: dbt_schema
[0m17:19:51.447543 [info ] [MainThread]:   authenticator: None
[0m17:19:51.447844 [info ] [MainThread]:   oauth_client_id: None
[0m17:19:51.448146 [info ] [MainThread]:   query_tag: None
[0m17:19:51.448502 [info ] [MainThread]:   client_session_keep_alive: False
[0m17:19:51.448866 [info ] [MainThread]:   host: None
[0m17:19:51.449214 [info ] [MainThread]:   port: None
[0m17:19:51.449584 [info ] [MainThread]:   proxy_host: None
[0m17:19:51.449872 [info ] [MainThread]:   proxy_port: None
[0m17:19:51.450159 [info ] [MainThread]:   protocol: None
[0m17:19:51.450433 [info ] [MainThread]:   connect_retries: 1
[0m17:19:51.450777 [info ] [MainThread]:   connect_timeout: None
[0m17:19:51.451108 [info ] [MainThread]:   retry_on_database_errors: False
[0m17:19:51.451433 [info ] [MainThread]:   retry_all: False
[0m17:19:51.451737 [info ] [MainThread]:   insecure_mode: False
[0m17:19:51.452026 [info ] [MainThread]:   reuse_connections: True
[0m17:19:51.452353 [info ] [MainThread]:   s3_stage_vpce_dns_name: None
[0m17:19:51.452702 [info ] [MainThread]:   workload_identity_provider: None
[0m17:19:51.453056 [info ] [MainThread]:   workload_identity_entra_resource: None
[0m17:19:51.453385 [info ] [MainThread]:   platform_detection_timeout_seconds: 0.0
[0m17:19:51.453963 [info ] [MainThread]: Registered adapter: snowflake=1.12.0
[0m17:19:51.893301 [debug] [MainThread]: Acquiring new snowflake connection 'debug'
[0m17:19:51.911484 [debug] [MainThread]: Using snowflake connection "debug"
[0m17:19:51.911815 [debug] [MainThread]: On debug: select 1 as id
[0m17:19:51.912037 [debug] [MainThread]: Opening a new connection, currently in state init
[0m17:19:54.397363 [debug] [MainThread]: SQL status: SUCCESS 1 in 2.485 seconds
[0m17:19:54.398431 [info ] [MainThread]:   Connection test: [[32mOK connection ok[0m]

[0m17:19:54.398970 [info ] [MainThread]: [32mAll checks passed![0m
[0m17:19:54.399446 [info ] [MainThread]: Your new dbt project "airbnb_etl" was created!
Initialized new project in C:\Users\prana\OneDrive\Desktop\DA & DE\Projects\AWS_DBT_snowflake\airbnb_etl\airbnb_etl

For more information on how to configure the profiles.yml file,
please consult the dbt documentation here:

  https://docs.getdbt.com/docs/configure-your-profile

One more thing:

Need help? Don't hesitate to reach out to us via GitHub issues or on Slack:

  https://community.getdbt.com/

Happy modeling!

[0m17:19:54.400678 [debug] [MainThread]: Command `dbt init` succeeded at 17:19:54.400557 after 298.08 seconds
[0m17:19:54.400998 [debug] [MainThread]: Connection 'debug' was left open.
[0m17:19:54.401275 [debug] [MainThread]: On debug: Close
[0m17:19:54.658046 [debug] [MainThread]: Sending event: {'category': 'dbt', 'action': 'invocation', 'label': 'end', 'context': [<snowplow_tracker.self_describing_json.SelfDescribingJson object at 0x000001E88C350D60>, <snowplow_tracker.self_describing_json.SelfDescribingJson object at 0x000001E88C3DEE70>, <snowplow_tracker.self_describing_json.SelfDescribingJson object at 0x000001E88C3C96A0>]}
[0m17:19:54.658547 [debug] [MainThread]: Flushing usage events
[0m17:19:56.435595 [debug] [MainThread]: An error was encountered while trying to flush usage events
[0m11:08:45.927614 [debug] [MainThread]: Sending event: {'category': 'dbt', 'action': 'invocation', 'label': 'start', 'context': [<snowplow_tracker.self_describing_json.SelfDescribingJson object at 0x000001A4524C6900>, <snowplow_tracker.self_describing_json.SelfDescribingJson object at 0x000001A454CF3ED0>, <snowplow_tracker.self_describing_json.SelfDescribingJson object at 0x000001A454CF3B10>]}


============================== 11:08:45.934435 | a57bbc53-fd2d-49d5-b29b-2a89d03e844d ==============================
[0m11:08:45.934435 [info ] [MainThread]: Running with dbt=1.12.3
[0m11:08:45.935048 [debug] [MainThread]: running dbt with arguments {'version_check': 'True', 'no_print': 'None', 'maximum_seed_size_mib': '1', 'target_path': 'None', 'warn_error_options': 'WarnErrorOptionsV2(error=[], warn=[], silence=[])', 'static_parser': 'True', 'printer_width': '80', 'write_json': 'True', 'introspect': 'True', 'log_cache_events': 'False', 'empty': 'False', 'cache_selected_only': 'False', 'log_format': 'default', 'debug': 'False', 'fail_fast': 'False', 'profiles_dir': 'C:\\Users\\prana\\.dbt', 'send_anonymous_usage_stats': 'True', 'quiet': 'False', 'warn_error': 'None', 'partial_parse': 'True', 'use_colors': 'True', 'hints_enabled': 'True', 'indirect_selection': 'eager', 'use_experimental_parser': 'False', 'invocation_command': 'dbt run', 'log_path': 'logs'}
[0m11:08:45.935611 [error] [MainThread]: [[31mERROR[0m]: Encountered an error:
Runtime Error
  No dbt_project.yml found at expected path C:\Users\prana\OneDrive\Desktop\DA & DE\Projects\AWS_DBT_snowflake\dbt_project.yml
  Verify that each entry within packages.yml (and their transitive dependencies) contains a file named dbt_project.yml
  
[0m11:08:45.936403 [debug] [MainThread]: Command `dbt run` failed at 11:08:45.936305 after 0.15 seconds
[0m11:08:45.936688 [debug] [MainThread]: Sending event: {'category': 'dbt', 'action': 'invocation', 'label': 'end', 'context': [<snowplow_tracker.self_describing_json.SelfDescribingJson object at 0x000001A454D35350>, <snowplow_tracker.self_describing_json.SelfDescribingJson object at 0x000001A454CAE7B0>, <snowplow_tracker.self_describing_json.SelfDescribingJson object at 0x000001A454D2E9C0>]}
[0m11:08:45.936973 [debug] [MainThread]: Flushing usage events
[0m11:08:47.371544 [debug] [MainThread]: An error was encountered while trying to flush usage events
[0m11:09:31.217307 [debug] [MainThread]: Sending event: {'category': 'dbt', 'action': 'invocation', 'label': 'start', 'context': [<snowplow_tracker.self_describing_json.SelfDescribingJson object at 0x0000022D1CA66900>, <snowplow_tracker.self_describing_json.SelfDescribingJson object at 0x0000022D1F293ED0>, <snowplow_tracker.self_describing_json.SelfDescribingJson object at 0x0000022D1F293B10>]}


============================== 11:09:31.222216 | e5fd8679-7546-4bb1-bff6-886cd5c68712 ==============================
[0m11:09:31.222216 [info ] [MainThread]: Running with dbt=1.12.3
[0m11:09:31.222887 [debug] [MainThread]: running dbt with arguments {'version_check': 'True', 'no_print': 'None', 'maximum_seed_size_mib': '1', 'target_path': 'None', 'warn_error_options': 'WarnErrorOptionsV2(error=[], warn=[], silence=[])', 'static_parser': 'True', 'printer_width': '80', 'write_json': 'True', 'empty': 'False', 'log_cache_events': 'False', 'introspect': 'True', 'cache_selected_only': 'False', 'fail_fast': 'False', 'debug': 'False', 'log_format': 'default', 'profiles_dir': 'C:\\Users\\prana\\.dbt', 'send_anonymous_usage_stats': 'True', 'quiet': 'False', 'warn_error': 'None', 'partial_parse': 'True', 'invocation_command': 'dbt run', 'hints_enabled': 'True', 'indirect_selection': 'eager', 'use_experimental_parser': 'False', 'use_colors': 'True', 'log_path': 'logs'}
[0m11:09:31.223478 [error] [MainThread]: [[31mERROR[0m]: Encountered an error:
Runtime Error
  No dbt_project.yml found at expected path C:\Users\prana\OneDrive\Desktop\DA & DE\Projects\AWS_DBT_snowflake\dbt_project.yml
  Verify that each entry within packages.yml (and their transitive dependencies) contains a file named dbt_project.yml
  
[0m11:09:31.224325 [debug] [MainThread]: Command `dbt run` failed at 11:09:31.224215 after 0.16 seconds
[0m11:09:31.224695 [debug] [MainThread]: Sending event: {'category': 'dbt', 'action': 'invocation', 'label': 'end', 'context': [<snowplow_tracker.self_describing_json.SelfDescribingJson object at 0x0000022D1F2D5350>, <snowplow_tracker.self_describing_json.SelfDescribingJson object at 0x0000022D1F24E7B0>, <snowplow_tracker.self_describing_json.SelfDescribingJson object at 0x0000022D1F2CE9C0>]}
[0m11:09:31.225065 [debug] [MainThread]: Flushing usage events
[0m11:09:32.863821 [debug] [MainThread]: An error was encountered while trying to flush usage events
